// Jest Snapshot v1, https://goo.gl/fbAQLP

exports[`<ButtonGroup/>  should match snapshot 1`] = `
<div
  className="button-group"
>
  <div>
    <p>
      <code>
        Select # of teams:
      </code>
    </p>
  </div>
  <div
    className="button-group-btn"
  >
    <button
      className="game-btn"
      id={0}
      onClick={[Function]}
    >
      Two
    </button>
    <button
      className="game-btn"
      id={1}
      onClick={[Function]}
    >
      Four
    </button>
    <button
      className="game-btn"
      id={2}
      onClick={[Function]}
    >
      Eight
    </button>
    <button
      className="game-btn"
      id={3}
      onClick={[Function]}
    >
      Sixteen
    </button>
  </div>
</div>
`;
